main.c:153:5:main	16	static
main.c:269:6:SystemClock_Config	88	static
main.c:314:13:MX_I2C1_Init	8	static
main.c:348:13:MX_I2C3_Init	8	static
main.c:382:13:MX_TIM2_Init	64	static
main.c:453:13:MX_TIM3_Init	48	static
main.c:515:13:MX_TIM4_Init	48	static
main.c:573:13:MX_TIM5_Init	48	static
main.c:631:13:MX_TIM6_Init	16	static
main.c:669:13:MX_TIM7_Init	16	static
main.c:707:13:MX_TIM9_Init	40	static
main.c:758:13:MX_TIM10_Init	8	static
main.c:789:13:MX_USART1_UART_Init	8	static
main.c:822:13:MX_USART2_UART_Init	8	static
main.c:855:13:MX_USART3_UART_Init	8	static
main.c:886:13:MX_DMA_Init	16	static
main.c:911:13:MX_GPIO_Init	56	static
main.c:939:6:initPWM_DATA	24	static
main.c:946:6:setPWM	8	static
main.c:950:6:ESCInit	80	static
main.c:967:6:BMPInit	40	static
main.c:1002:6:GPSInit	16	static
main.c:1015:6:CompassInit	16	static
main.c:1028:6:RemoteInit	16	static
main.c:1048:6:IMUInit	32	static
main.c:1088:6:getBMPAltitude	32	static
main.c:1100:6:getCompass	8	static
main.c:1108:6:getGPSLatLon	32	static
main.c:1161:6:getIMUData	32	static
main.c:1192:6:setPWM_DATA	16	static
main.c:1212:6:HAL_UART_RxCpltCallback	56	static
main.c:1268:6:HAL_TIM_PeriodElapsedCallback	48	static
main.c:1290:6:HAL_TIM_IC_CaptureCallback	16	static
main.c:1322:6:HAL_GPIO_EXTI_Callback	16	static
main.c:1345:6:Error_Handler	4	static
