stm32f4xx_it.c:79:6:NMI_Handler	4	static
stm32f4xx_it.c:92:6:HardFault_Handler	4	static
stm32f4xx_it.c:107:6:MemManage_Handler	4	static
stm32f4xx_it.c:122:6:BusFault_Handler	4	static
stm32f4xx_it.c:137:6:UsageFault_Handler	4	static
stm32f4xx_it.c:152:6:SVC_Handler	4	static
stm32f4xx_it.c:165:6:DebugMon_Handler	4	static
stm32f4xx_it.c:178:6:PendSV_Handler	4	static
stm32f4xx_it.c:191:6:SysTick_Handler	8	static
stm32f4xx_it.c:211:6:EXTI3_IRQHandler	8	static
stm32f4xx_it.c:224:6:DMA1_Stream1_IRQHandler	8	static
stm32f4xx_it.c:238:6:DMA1_Stream5_IRQHandler	8	static
stm32f4xx_it.c:252:6:TIM1_BRK_TIM9_IRQHandler	8	static
stm32f4xx_it.c:266:6:TIM1_UP_TIM10_IRQHandler	8	static
stm32f4xx_it.c:280:6:TIM2_IRQHandler	8	static
stm32f4xx_it.c:294:6:TIM3_IRQHandler	8	static
stm32f4xx_it.c:308:6:TIM4_IRQHandler	8	static
stm32f4xx_it.c:322:6:TIM5_IRQHandler	8	static
stm32f4xx_it.c:336:6:TIM7_IRQHandler	8	static
stm32f4xx_it.c:350:6:DMA2_Stream2_IRQHandler	8	static
